// Jest Snapshot v1, https://goo.gl/fbAQLP

exports[`ScenarioDetailsHeader Renders with minimal props 1`] = `
<ContextProvider
  value="scenario"
>
  <ScenarioDetailsHeader
    applicationsCount={0}
  />
  <ScenarioApplications
    updateApplicationsCount={[Function]}
  />
  <fromRenderProps(Apollo(Apollo(Apollo(Apollo(ScenarioRuntimes))))) />
</ContextProvider>
`;
